Version Number: 0.5.6.1
Debug Version
02/08/2026 05:39:16
General Information:
Current tab count: 3
Current selected tab: 2
---
Tab is ViewPort for teste-pokeNoCenter.gba
Game Code: BPRE0
Data Length: 0x1000000
Pokemon Count: 412
---
Tab is map for (3-5)
Size: 48x40
Events: 8-10-4-6
---
Tab is ViewPort for teste-pokeNoCenter.gba
Game Code: BPRE0
Data Length: 0x1000000
Pokemon Count: 412
---
Exception Information:
System.NullReferenceException
Object reference not set to an instance of an object.
   at HavenSoft.HexManiac.Core.ViewModels.Tools.CodeBody.GetTokenComplete(String line, Int32 lineIndex, Int32 characterIndex) in D:\root\GitHub\HexManiac\src\HexManiac.Core\ViewModels\Tools\CodeBody.cs:line 499
   at HavenSoft.HexManiac.WPF.Controls.AutocompleteOverlay.TargetTextChanged(Object sender, TextChangedEventArgs e) in D:\root\GitHub\HexManiac\src\HexManiac.WPF\Controls\AutocompleteOverlay.xaml.cs:line 117
   at System.Windows.RoutedEventArgs.InvokeHandler(Delegate handler, Object target)
   at System.Windows.EventRoute.InvokeHandlersImpl(Object source, RoutedEventArgs args, Boolean reRaised)
   at System.Windows.UIElement.RaiseEventImpl(DependencyObject sender, RoutedEventArgs args)
   at System.Windows.Controls.Primitives.TextBoxBase.OnTextContainerChanged(Object sender, TextContainerChangedEventArgs e)
   at System.Windows.Documents.TextContainer.EndChange(Boolean skipEvents)
   at System.Windows.Documents.TextRangeBase.EndChange(ITextRange thisRange, Boolean disableScroll, Boolean skipEvents)
   at System.Windows.Documents.TextRange.ChangeBlock.System.IDisposable.Dispose()
   at System.Windows.Documents.TextEditorCopyPaste.Paste(TextEditor This)
   at System.Windows.Documents.TextEditorCopyPaste.OnPaste(Object target, ExecutedRoutedEventArgs args)
   at System.Windows.Input.CommandBinding.OnExecuted(Object sender, ExecutedRoutedEventArgs e)
   at System.Windows.Input.CommandManager.FindCommandBinding(Object sender, RoutedEventArgs e, ICommand command, Boolean execute)
   at System.Windows.Input.CommandManager.OnExecuted(Object sender, ExecutedRoutedEventArgs e)
   at System.Windows.RoutedEventArgs.InvokeHandler(Delegate handler, Object target)
   at System.Windows.EventRoute.InvokeHandlersImpl(Object source, RoutedEventArgs args, Boolean reRaised)
   at System.Windows.UIElement.RaiseEventImpl(DependencyObject sender, RoutedEventArgs args)
   at System.Windows.UIElement.RaiseTrustedEvent(RoutedEventArgs args)
   at System.Windows.Input.RoutedCommand.ExecuteImpl(Object parameter, IInputElement target, Boolean userInitiated)
   at System.Windows.Input.CommandManager.TranslateInput(IInputElement targetElement, InputEventArgs inputEventArgs)
   at System.Windows.UIElement.OnKeyDownThunk(Object sender, KeyEventArgs e)
   at System.Windows.RoutedEventArgs.InvokeHandler(Delegate handler, Object target)
   at System.Windows.EventRoute.InvokeHandlersImpl(Object source, RoutedEventArgs args, Boolean reRaised)
   at System.Windows.UIElement.RaiseEventImpl(DependencyObject sender, RoutedEventArgs args)
   at System.Windows.UIElement.RaiseTrustedEvent(RoutedEventArgs args)
   at System.Windows.Input.InputManager.ProcessStagingArea()
   at System.Windows.Input.InputProviderSite.ReportInput(InputReport inputReport)
   at System.Windows.Interop.HwndKeyboardInputProvider.ProcessKeyAction(MSG& msg, Boolean& handled)
   at System.Windows.Interop.HwndSource.CriticalTranslateAccelerator(MSG& msg, ModifierKeys modifiers)
   at System.Windows.Interop.HwndSource.OnPreprocessMessage(Object param)
   at System.Windows.Threading.ExceptionWrapper.InternalRealCall(Delegate callback, Object args, Int32 numArgs)
   at System.Windows.Threading.ExceptionWrapper.TryCatchWhen(Object source, Delegate callback, Object args, Int32 numArgs, Delegate catchHandler)

-------------------------------------------


